[ 20%] Building CXX object CMakeFiles/jose.dir/src/jwk.cpp.o
[ 40%] Building CXX object CMakeFiles/jose.dir/src/jwa.cpp.o
/home/runner/work/cpp-jose/cpp-jose/src/jwa.cpp: In function ‘std::vector<unsigned char> jose::{anonymous}::aesKeyWrap(const std::vector<unsigned char>&, const std::vector<unsigned char>&)’:
/home/runner/work/cpp-jose/cpp-jose/src/jwa.cpp:450:28: warning: ‘int AES_set_encrypt_key(const unsigned char*, int, AES_KEY*)’ is deprecated: Since OpenSSL 3.0 [-Wdeprecated-declarations]
  450 |     if (AES_set_encrypt_key(kek.data(), kek.size() * 8, &wrapKey) < 0)
      |         ~~~~~~~~~~~~~~~~~~~^~~~~~~~~~~~~~~~~~~~~~~~~~~~~~~~~~~~~~
In file included from /home/runner/work/cpp-jose/cpp-jose/src/jwa.cpp:7:
/usr/include/openssl/aes.h:51:5: note: declared here
   51 | int AES_set_encrypt_key(const unsigned char *userKey, const int bits,
      |     ^~~~~~~~~~~~~~~~~~~
/home/runner/work/cpp-jose/cpp-jose/src/jwa.cpp:457:30: warning: ‘int AES_wrap_key(AES_KEY*, const unsigned char*, unsigned char*, const unsigned char*, unsigned int)’ is deprecated: Since OpenSSL 3.0 [-Wdeprecated-declarations]
  457 |     int outLen = AES_wrap_key(&wrapKey, nullptr, ciphertext.data(), plaintext.data(), plaintext.size());
      |                  ~~~~~~~~~~~~^~~~~~~~~~~~~~~~~~~~~~~~~~~~~~~~~~~~~~~~~~~~~~~~~~~~~~~~~~~~~~~~~~~~~~~~~~
/usr/include/openssl/aes.h:97:5: note: declared here
   97 | int AES_wrap_key(AES_KEY *key, const unsigned char *iv,
      |     ^~~~~~~~~~~~
/home/runner/work/cpp-jose/cpp-jose/src/jwa.cpp: In function ‘std::vector<unsigned char> jose::{anonymous}::aesKeyUnwrap(const std::vector<unsigned char>&, const std::vector<unsigned char>&)’:
/home/runner/work/cpp-jose/cpp-jose/src/jwa.cpp:471:28: warning: ‘int AES_set_decrypt_key(const unsigned char*, int, AES_KEY*)’ is deprecated: Since OpenSSL 3.0 [-Wdeprecated-declarations]
  471 |     if (AES_set_decrypt_key(kek.data(), kek.size() * 8, &unwrapKey) < 0)
      |         ~~~~~~~~~~~~~~~~~~~^~~~~~~~~~~~~~~~~~~~~~~~~~~~~~~~~~~~~~~~
/usr/include/openssl/aes.h:54:5: note: declared here
   54 | int AES_set_decrypt_key(const unsigned char *userKey, const int bits,
      |     ^~~~~~~~~~~~~~~~~~~
/home/runner/work/cpp-jose/cpp-jose/src/jwa.cpp:478:32: warning: ‘int AES_unwrap_key(AES_KEY*, const unsigned char*, unsigned char*, const unsigned char*, unsigned int)’ is deprecated: Since OpenSSL 3.0 [-Wdeprecated-declarations]
  478 |     int outLen = AES_unwrap_key(&unwrapKey, nullptr, plaintext.data(), ciphertext.data(), ciphertext.size());
      |                  ~~~~~~~~~~~~~~^~~~~~~~~~~~~~~~~~~~~~~~~~~~~~~~~~~~~~~~~~~~~~~~~~~~~~~~~~~~~~~~~~~~~~~~~~~~~
/usr/include/openssl/aes.h:101:5: note: declared here
  101 | int AES_unwrap_key(AES_KEY *key, const unsigned char *iv,
      |     ^~~~~~~~~~~~~~
/home/runner/work/cpp-jose/cpp-jose/src/jwk.cpp: In member function ‘std::string jose::JWK::toJson(bool) const’:
/home/runner/work/cpp-jose/cpp-jose/src/jwk.cpp:214:37: warning: ‘rsa_st* EVP_PKEY_get1_RSA(EVP_PKEY*)’ is deprecated: Since OpenSSL 3.0 [-Wdeprecated-declarations]
  214 |         RSA* rsa = EVP_PKEY_get1_RSA(impl_->pkey);
      |                    ~~~~~~~~~~~~~~~~~^~~~~~~~~~~~~
In file included from /home/runner/work/cpp-jose/cpp-jose/src/jwk.cpp:6:
/usr/include/openssl/evp.h:1350:16: note: declared here
 1350 | struct rsa_st *EVP_PKEY_get1_RSA(EVP_PKEY *pkey);
      |                ^~~~~~~~~~~~~~~~~
/home/runner/work/cpp-jose/cpp-jose/src/jwk.cpp:218:25: warning: ‘void RSA_get0_key(const RSA*, const BIGNUM**, const BIGNUM**, const BIGNUM**)’ is deprecated: Since OpenSSL 3.0 [-Wdeprecated-declarations]
  218 |             RSA_get0_key(rsa, &n, &e, &d);
      |             ~~~~~~~~~~~~^~~~~~~~~~~~~~~~~
In file included from /home/runner/work/cpp-jose/cpp-jose/src/jwk.cpp:4:
/usr/include/openssl/rsa.h:222:28: note: declared here
  222 | OSSL_DEPRECATEDIN_3_0 void RSA_get0_key(const RSA *r,
      |                            ^~~~~~~~~~~~
/home/runner/work/cpp-jose/cpp-jose/src/jwk.cpp:241:33: warning: ‘void RSA_get0_factors(const RSA*, const BIGNUM**, const BIGNUM**)’ is deprecated: Since OpenSSL 3.0 [-Wdeprecated-declarations]
  241 |                 RSA_get0_factors(rsa, &p, &q);
      |                 ~~~~~~~~~~~~~~~~^~~~~~~~~~~~~
/usr/include/openssl/rsa.h:225:28: note: declared here
  225 | OSSL_DEPRECATEDIN_3_0 void RSA_get0_factors(const RSA *r,
      |                            ^~~~~~~~~~~~~~~~
/home/runner/work/cpp-jose/cpp-jose/src/jwk.cpp:242:36: warning: ‘void RSA_get0_crt_params(const RSA*, const BIGNUM**, const BIGNUM**, const BIGNUM**)’ is deprecated: Since OpenSSL 3.0 [-Wdeprecated-declarations]
  242 |                 RSA_get0_crt_params(rsa, &dmp1, &dmq1, &iqmp);
      |                 ~~~~~~~~~~~~~~~~~~~^~~~~~~~~~~~~~~~~~~~~~~~~~
/usr/include/openssl/rsa.h:230:28: note: declared here
  230 | OSSL_DEPRECATEDIN_3_0 void RSA_get0_crt_params(const RSA *r,
      |                            ^~~~~~~~~~~~~~~~~~~
/home/runner/work/cpp-jose/cpp-jose/src/jwk.cpp:280:21: warning: ‘void RSA_free(RSA*)’ is deprecated: Since OpenSSL 3.0 [-Wdeprecated-declarations]
  280 |             RSA_free(rsa);
      |             ~~~~~~~~^~~~~
/usr/include/openssl/rsa.h:298:28: note: declared here
  298 | OSSL_DEPRECATEDIN_3_0 void RSA_free(RSA *r);
      |                            ^~~~~~~~
/home/runner/work/cpp-jose/cpp-jose/src/jwk.cpp: In static member function ‘static jose::JWK jose::JWK::fromJson(const std::string&)’:
/home/runner/work/cpp-jose/cpp-jose/src/jwk.cpp:322:27: warning: ‘RSA* RSA_new()’ is deprecated: Since OpenSSL 3.0 [-Wdeprecated-declarations]
  322 |         RSA* rsa = RSA_new();
      |                    ~~~~~~~^~
/usr/include/openssl/rsa.h:206:28: note: declared here
  206 | OSSL_DEPRECATEDIN_3_0 RSA *RSA_new(void);
      |                            ^~~~~~~
/home/runner/work/cpp-jose/cpp-jose/src/jwk.cpp:323:21: warning: ‘int RSA_set0_key(RSA*, BIGNUM*, BIGNUM*, BIGNUM*)’ is deprecated: Since OpenSSL 3.0 [-Wdeprecated-declarations]
  323 |         RSA_set0_key(rsa, n, e, nullptr);
      |         ~~~~~~~~~~~~^~~~~~~~~~~~~~~~~~~~
/usr/include/openssl/rsa.h:212:27: note: declared here
  212 | OSSL_DEPRECATEDIN_3_0 int RSA_set0_key(RSA *r, BIGNUM *n, BIGNUM *e, BIGNUM *d);
      |                           ^~~~~~~~~~~~
/home/runner/work/cpp-jose/cpp-jose/src/jwk.cpp:329:25: warning: ‘int RSA_set0_key(RSA*, BIGNUM*, BIGNUM*, BIGNUM*)’ is deprecated: Since OpenSSL 3.0 [-Wdeprecated-declarations]
  329 |             RSA_set0_key(rsa, nullptr, nullptr, d);
      |             ~~~~~~~~~~~~^~~~~~~~~~~~~~~~~~~~~~~~~~
/usr/include/openssl/rsa.h:212:27: note: declared here
  212 | OSSL_DEPRECATEDIN_3_0 int RSA_set0_key(RSA *r, BIGNUM *n, BIGNUM *e, BIGNUM *d);
      |                           ^~~~~~~~~~~~
/home/runner/work/cpp-jose/cpp-jose/src/jwk.cpp:337:33: warning: ‘int RSA_set0_factors(RSA*, BIGNUM*, BIGNUM*)’ is deprecated: Since OpenSSL 3.0 [-Wdeprecated-declarations]
  337 |                 RSA_set0_factors(rsa, p, q);
      |                 ~~~~~~~~~~~~~~~~^~~~~~~~~~~
/usr/include/openssl/rsa.h:213:27: note: declared here
  213 | OSSL_DEPRECATEDIN_3_0 int RSA_set0_factors(RSA *r, BIGNUM *p, BIGNUM *q);
      |                           ^~~~~~~~~~~~~~~~
/home/runner/work/cpp-jose/cpp-jose/src/jwk.cpp: In member function ‘bool jose::JWK::hasPrivateKey() const’:
/home/runner/work/cpp-jose/cpp-jose/src/jwk.cpp:418:37: warning: ‘rsa_st* EVP_PKEY_get1_RSA(EVP_PKEY*)’ is deprecated: Since OpenSSL 3.0 [-Wdeprecated-declarations]
  418 |         RSA* rsa = EVP_PKEY_get1_RSA(impl_->pkey);
      |                    ~~~~~~~~~~~~~~~~~^~~~~~~~~~~~~
/usr/include/openssl/evp.h:1350:16: note: declared here
 1350 | struct rsa_st *EVP_PKEY_get1_RSA(EVP_PKEY *pkey);
      |                ^~~~~~~~~~~~~~~~~
/home/runner/work/cpp-jose/cpp-jose/src/jwk.cpp:422:25: warning: ‘void RSA_get0_key(const RSA*, const BIGNUM**, const BIGNUM**, const BIGNUM**)’ is deprecated: Since OpenSSL 3.0 [-Wdeprecated-declarations]
  422 |             RSA_get0_key(rsa, nullptr, nullptr, &d);
      |             ~~~~~~~~~~~~^~~~~~~~~~~~~~~~~~~~~~~~~~~
/usr/include/openssl/rsa.h:222:28: note: declared here
  222 | OSSL_DEPRECATEDIN_3_0 void RSA_get0_key(const RSA *r,
      |                            ^~~~~~~~~~~~
/home/runner/work/cpp-jose/cpp-jose/src/jwk.cpp:423:21: warning: ‘void RSA_free(RSA*)’ is deprecated: Since OpenSSL 3.0 [-Wdeprecated-declarations]
  423 |             RSA_free(rsa);
      |             ~~~~~~~~^~~~~
/usr/include/openssl/rsa.h:298:28: note: declared here
  298 | OSSL_DEPRECATEDIN_3_0 void RSA_free(RSA *r);
      |                            ^~~~~~~~
/home/runner/work/cpp-jose/cpp-jose/src/jwk.cpp: In static member function ‘static jose::JWKSet jose::JWKSet::fromJson(const std::string&)’:
/home/runner/work/cpp-jose/cpp-jose/src/jwk.cpp:465:12: error: use of deleted function ‘jose::JWKSet::JWKSet(const jose::JWKSet&)’
  465 |     return set;
      |            ^~~
In file included from /home/runner/work/cpp-jose/cpp-jose/src/jwk.cpp:1:
/home/runner/work/cpp-jose/cpp-jose/include/jose/jwk.hpp:126:7: note: ‘jose::JWKSet::JWKSet(const jose::JWKSet&)’ is implicitly deleted because the default definition would be ill-formed:
  126 | class JWKSet
      |       ^~~~~~
/home/runner/work/cpp-jose/cpp-jose/include/jose/jwk.hpp:126:7: error: use of deleted function ‘std::unique_ptr<_Tp, _Dp>::unique_ptr(const std::unique_ptr<_Tp, _Dp>&) [with _Tp = jose::JWKSet::Impl; _Dp = std::default_delete<jose::JWKSet::Impl>]’
In file included from /usr/include/c++/13/memory:78,
                 from /home/runner/work/cpp-jose/cpp-jose/include/jose/jwk.hpp:6:
/usr/include/c++/13/bits/unique_ptr.h:522:7: note: declared here
  522 |       unique_ptr(const unique_ptr&) = delete;
      |       ^~~~~~~~~~
gmake[2]: *** [CMakeFiles/jose.dir/build.make:79: CMakeFiles/jose.dir/src/jwk.cpp.o] Error 1
gmake[2]: *** Waiting for unfinished jobs....
gmake[1]: *** [CMakeFiles/Makefile2:87: CMakeFiles/jose.dir/all] Error 2
gmake: *** [Makefile:136: all] Error 2
